2026-08-14T16:22:25+00:00 INFO    [event=application.started] IPTV-API 版本: 3.0.0 (构建时间: 2026-08-07 11:45:59)
2026-08-14T16:22:25+00:00 INFO    [phase=prepare event=network.ipv6.checking] 🛜 正在检查当前网络是否支持IPv6...
2026-08-14T16:22:25+00:00 WARNING [phase=prepare event=network.ipv6.unsupported] 当前网络不支持IPv6，别担心，IPv6的结果会被保存下来
2026-08-14T16:22:25+00:00 INFO    [run=e69f39cd6e76420c8afeee8cdc76691d phase=prepare event=run.started] 性能模式: auto → balance，可用资源: 4.0 CPU / 15.61 GB，并发: 测速 8、媒体探测 2、源抓取 8
2026-08-14T16:22:25+00:00 INFO    [run=e69f39cd6e76420c8afeee8cdc76691d phase=prepare event=channels.catalog_loaded] 频道目录已加载：白名单 0，黑名单 4，台标 21
2026-08-14T16:22:25+00:00 INFO    [run=e69f39cd6e76420c8afeee8cdc76691d phase=fetch event=sources.subscribe.summary] 订阅源数量：5，订阅白名单数量：0，停用地址数量：0，有效总数量：5
2026-08-14T16:22:25+00:00 INFO    [run=e69f39cd6e76420c8afeee8cdc76691d phase=fetch event=progress.started] 正在进行获取订阅源  0/5
2026-08-14T16:22:25+00:00 INFO    [run=e69f39cd6e76420c8afeee8cdc76691d phase=fetch event=sources.epg.summary] EPG源数量：1，EPG白名单数量：0，停用地址数量：0，有效总数量：1
2026-08-14T16:22:25+00:00 INFO    [run=e69f39cd6e76420c8afeee8cdc76691d phase=fetch event=progress.started] 正在进行获取EPG源  0/1
2026-08-14T16:22:26+00:00 INFO    [run=e69f39cd6e76420c8afeee8cdc76691d phase=fetch event=progress.updated] 正在进行获取订阅源  1/5 (20%)  剩余 4
2026-08-14T16:22:26+00:00 INFO    [run=e69f39cd6e76420c8afeee8cdc76691d phase=fetch event=progress.updated] 正在进行获取订阅源  2/5 (40%)  剩余 3
2026-08-14T16:22:26+00:00 INFO    [run=e69f39cd6e76420c8afeee8cdc76691d phase=fetch event=progress.updated] 正在进行获取订阅源  3/5 (60%)  剩余 2
2026-08-14T16:22:27+00:00 INFO    [run=e69f39cd6e76420c8afeee8cdc76691d phase=fetch event=progress.updated] 正在进行获取订阅源  4/5 (80%)  剩余 1
2026-08-14T16:22:27+00:00 INFO    [run=e69f39cd6e76420c8afeee8cdc76691d phase=fetch event=progress.updated] 正在进行获取订阅源  5/5 (100%)  剩余 0
2026-08-14T16:22:27+00:00 INFO    [run=e69f39cd6e76420c8afeee8cdc76691d phase=fetch event=sources.subscribe.finished] 订阅源: ✅ 有效地址数量：5，⛔ 停用地址数量：0
2026-08-14T16:22:27+00:00 INFO    [run=e69f39cd6e76420c8afeee8cdc76691d phase=fetch event=progress.finished] 正在进行获取订阅源  5/5  未匹配 1847
2026-08-14T16:22:28+00:00 WARNING [run=e69f39cd6e76420c8afeee8cdc76691d phase=fetch event=request.retrying] 🔄 请求http://e.erw.cc/e.xml.gz失败，正在进行第1次重试...
2026-08-14T16:22:29+00:00 ERROR   [run=e69f39cd6e76420c8afeee8cdc76691d phase=fetch event=source.parse_failed] http://e.erw.cc/e.xml.gz 出错：❌ 请求http://e.erw.cc/e.xml.gz失败，已达到最大重试次数
2026-08-14T16:22:29+00:00 INFO    [run=e69f39cd6e76420c8afeee8cdc76691d phase=fetch event=progress.updated] 正在进行获取EPG源  1/1 (100%)  剩余 0
2026-08-14T16:22:29+00:00 INFO    [run=e69f39cd6e76420c8afeee8cdc76691d phase=fetch event=sources.epg.finished] EPG源: ✅ 有效地址数量：1，⛔ 停用地址数量：0
2026-08-14T16:22:29+00:00 INFO    [run=e69f39cd6e76420c8afeee8cdc76691d phase=fetch event=progress.finished] 正在进行获取EPG源  1/1  匹配 0 个频道
2026-08-14T16:22:33+00:00 INFO    [run=e69f39cd6e76420c8afeee8cdc76691d phase=aggregate event=channels.aggregated] 频道数据聚合完成：55 个频道，446 个接口（IPv4 180 / IPv6 266）
2026-08-14T16:22:33+00:00 INFO    [run=e69f39cd6e76420c8afeee8cdc76691d phase=speed_test event=speed_test.planned] 总接口数量: 446, 需要进行测速的接口数量: 180
2026-08-14T16:22:33+00:00 INFO    [run=e69f39cd6e76420c8afeee8cdc76691d phase=speed_test event=progress.started] 测速  0/180
2026-08-14T16:22:34+00:00 INFO    [run=e69f39cd6e76420c8afeee8cdc76691d phase=speed_test event=progress.updated] 测速  1/180 (0%)  有效 0  失败 1  CCTV-1
2026-08-14T16:22:44+00:00 INFO    [run=e69f39cd6e76420c8afeee8cdc76691d phase=speed_test event=progress.updated] 测速  18/180 (10%)  有效 6  失败 12  CCTV-1
2026-08-14T16:22:52+00:00 INFO    [run=e69f39cd6e76420c8afeee8cdc76691d phase=speed_test event=progress.updated] 测速  36/180 (20%)  有效 9  失败 27  CCTV-10
2026-08-14T16:23:01+00:00 INFO    [run=e69f39cd6e76420c8afeee8cdc76691d phase=speed_test event=progress.updated] 测速  54/180 (30%)  有效 13  失败 41  CCTV-10
2026-08-14T16:23:14+00:00 INFO    [run=e69f39cd6e76420c8afeee8cdc76691d phase=speed_test event=progress.updated] 测速  72/180 (40%)  有效 15  失败 57  CCTV-16
2026-08-14T16:23:28+00:00 INFO    [run=e69f39cd6e76420c8afeee8cdc76691d phase=speed_test event=progress.updated] 测速  90/180 (50%)  有效 15  失败 75  广东卫视
2026-08-14T16:23:40+00:00 INFO    [run=e69f39cd6e76420c8afeee8cdc76691d phase=speed_test event=progress.updated] 测速  108/180 (60%)  有效 15  失败 93  河北卫视
2026-08-14T16:23:51+00:00 INFO    [run=e69f39cd6e76420c8afeee8cdc76691d phase=speed_test event=progress.updated] 测速  126/180 (70%)  有效 15  失败 111  辽宁卫视
2026-08-14T16:24:06+00:00 INFO    [run=e69f39cd6e76420c8afeee8cdc76691d phase=speed_test event=progress.updated] 测速  144/180 (80%)  有效 15  失败 129  四川卫视
2026-08-14T16:24:16+00:00 INFO    [run=e69f39cd6e76420c8afeee8cdc76691d phase=speed_test event=progress.updated] 测速  162/180 (90%)  有效 15  失败 147  西藏卫视
2026-08-14T16:24:33+00:00 INFO    [run=e69f39cd6e76420c8afeee8cdc76691d phase=speed_test event=progress.updated] 测速  180/180 (100%)  有效 15  失败 165  内蒙古卫视
2026-08-14T16:24:33+00:00 INFO    [run=e69f39cd6e76420c8afeee8cdc76691d phase=speed_test event=speed_test.artifacts_written] 测速明细已写入 output/log/speed_test.log，有效结果已写入 output/log/result.log
2026-08-14T16:24:33+00:00 INFO    [run=e69f39cd6e76420c8afeee8cdc76691d phase=speed_test event=progress.finished] 测速  180/180  有效 15  失败 165
2026-08-14T16:24:33+00:00 INFO    [run=e69f39cd6e76420c8afeee8cdc76691d phase=output event=output.written] 结果文件生成完成：更新 3 个文件
2026-08-14T16:24:33+00:00 INFO    [run=e69f39cd6e76420c8afeee8cdc76691d phase=statistics event=statistics.finished] 频道统计完成：测试 180，有效 15
2026-08-14T16:24:33+00:00 INFO    [run=e69f39cd6e76420c8afeee8cdc76691d phase=complete event=run.summary] 更新摘要
2026-08-14T16:24:33+00:00 INFO    [run=e69f39cd6e76420c8afeee8cdc76691d phase=complete event=run.finished] 更新完成！总耗时：02:07
2026-08-14T23:13:59+00:00 INFO    [event=application.started] IPTV-API 版本: 3.0.0 (构建时间: 2026-08-07 11:45:59)
2026-08-14T23:13:59+00:00 INFO    [phase=prepare event=network.ipv6.checking] 🛜 正在检查当前网络是否支持IPv6...
2026-08-14T23:14:00+00:00 WARNING [phase=prepare event=network.ipv6.unsupported] 当前网络不支持IPv6，别担心，IPv6的结果会被保存下来
2026-08-14T23:14:00+00:00 INFO    [run=c3e2a818a4eb4aeabbbca9a4d84f2b29 phase=prepare event=run.started] 性能模式: auto → balance，可用资源: 4.0 CPU / 15.61 GB，并发: 测速 8、媒体探测 2、源抓取 8
2026-08-14T23:14:00+00:00 INFO    [run=c3e2a818a4eb4aeabbbca9a4d84f2b29 phase=prepare event=channels.catalog_loaded] 频道目录已加载：白名单 0，黑名单 4，台标 21
2026-08-14T23:14:00+00:00 INFO    [run=c3e2a818a4eb4aeabbbca9a4d84f2b29 phase=fetch event=sources.subscribe.summary] 订阅源数量：5，订阅白名单数量：0，停用地址数量：0，有效总数量：5
2026-08-14T23:14:00+00:00 INFO    [run=c3e2a818a4eb4aeabbbca9a4d84f2b29 phase=fetch event=progress.started] 正在进行获取订阅源  0/5
2026-08-14T23:14:00+00:00 INFO    [run=c3e2a818a4eb4aeabbbca9a4d84f2b29 phase=fetch event=sources.epg.summary] EPG源数量：1，EPG白名单数量：0，停用地址数量：0，有效总数量：1
2026-08-14T23:14:00+00:00 INFO    [run=c3e2a818a4eb4aeabbbca9a4d84f2b29 phase=fetch event=progress.started] 正在进行获取EPG源  0/1
2026-08-14T23:14:01+00:00 INFO    [run=c3e2a818a4eb4aeabbbca9a4d84f2b29 phase=fetch event=epg.source_parsed] EPG 源解析完成：http://e.erw.cc/e.xml.gz，保留节目 2051 条
2026-08-14T23:14:01+00:00 INFO    [run=c3e2a818a4eb4aeabbbca9a4d84f2b29 phase=fetch event=progress.updated] 正在进行获取EPG源  1/1 (100%)  剩余 0
2026-08-14T23:14:01+00:00 INFO    [run=c3e2a818a4eb4aeabbbca9a4d84f2b29 phase=fetch event=progress.updated] 正在进行获取订阅源  1/5 (20%)  剩余 4
2026-08-14T23:14:01+00:00 INFO    [run=c3e2a818a4eb4aeabbbca9a4d84f2b29 phase=fetch event=sources.epg.finished] EPG源: ✅ 有效地址数量：1，⛔ 停用地址数量：0
2026-08-14T23:14:01+00:00 INFO    [run=c3e2a818a4eb4aeabbbca9a4d84f2b29 phase=fetch event=progress.finished] 正在进行获取EPG源  1/1  匹配 55 个频道
2026-08-14T23:14:01+00:00 INFO    [run=c3e2a818a4eb4aeabbbca9a4d84f2b29 phase=fetch event=progress.updated] 正在进行获取订阅源  2/5 (40%)  剩余 3
2026-08-14T23:14:01+00:00 INFO    [run=c3e2a818a4eb4aeabbbca9a4d84f2b29 phase=fetch event=progress.updated] 正在进行获取订阅源  3/5 (60%)  剩余 2
2026-08-14T23:14:01+00:00 INFO    [run=c3e2a818a4eb4aeabbbca9a4d84f2b29 phase=fetch event=progress.updated] 正在进行获取订阅源  4/5 (80%)  剩余 1
2026-08-14T23:14:01+00:00 INFO    [run=c3e2a818a4eb4aeabbbca9a4d84f2b29 phase=fetch event=progress.updated] 正在进行获取订阅源  5/5 (100%)  剩余 0
2026-08-14T23:14:01+00:00 INFO    [run=c3e2a818a4eb4aeabbbca9a4d84f2b29 phase=fetch event=sources.subscribe.finished] 订阅源: ✅ 有效地址数量：5，⛔ 停用地址数量：0
2026-08-14T23:14:01+00:00 INFO    [run=c3e2a818a4eb4aeabbbca9a4d84f2b29 phase=fetch event=progress.finished] 正在进行获取订阅源  5/5  未匹配 1847
2026-08-14T23:14:06+00:00 INFO    [run=c3e2a818a4eb4aeabbbca9a4d84f2b29 phase=aggregate event=channels.aggregated] 频道数据聚合完成：55 个频道，180 个接口（IPv4 180 / IPv6 0）
2026-08-14T23:14:06+00:00 INFO    [run=c3e2a818a4eb4aeabbbca9a4d84f2b29 phase=speed_test event=speed_test.planned] 总接口数量: 180, 需要进行测速的接口数量: 180
2026-08-14T23:14:06+00:00 INFO    [run=c3e2a818a4eb4aeabbbca9a4d84f2b29 phase=speed_test event=progress.started] 测速  0/180
2026-08-14T23:14:07+00:00 INFO    [run=c3e2a818a4eb4aeabbbca9a4d84f2b29 phase=speed_test event=progress.updated] 测速  1/180 (0%)  有效 0  失败 1  CCTV-1
2026-08-14T23:14:15+00:00 INFO    [run=c3e2a818a4eb4aeabbbca9a4d84f2b29 phase=speed_test event=progress.updated] 测速  18/180 (10%)  有效 6  失败 12  CCTV-6
2026-08-14T23:14:25+00:00 INFO    [run=c3e2a818a4eb4aeabbbca9a4d84f2b29 phase=speed_test event=progress.updated] 测速  36/180 (20%)  有效 9  失败 27  CCTV-10
2026-08-14T23:14:34+00:00 INFO    [run=c3e2a818a4eb4aeabbbca9a4d84f2b29 phase=speed_test event=progress.updated] 测速  54/180 (30%)  有效 14  失败 40  CCTV-15
2026-08-14T23:14:45+00:00 INFO    [run=c3e2a818a4eb4aeabbbca9a4d84f2b29 phase=speed_test event=progress.updated] 测速  72/180 (40%)  有效 15  失败 57  CCTV-16
2026-08-14T23:14:58+00:00 INFO    [run=c3e2a818a4eb4aeabbbca9a4d84f2b29 phase=speed_test event=progress.updated] 测速  90/180 (50%)  有效 15  失败 75  贵州卫视
2026-08-14T23:15:10+00:00 INFO    [run=c3e2a818a4eb4aeabbbca9a4d84f2b29 phase=speed_test event=progress.updated] 测速  108/180 (60%)  有效 15  失败 93  河北卫视
2026-08-14T23:15:21+00:00 INFO    [run=c3e2a818a4eb4aeabbbca9a4d84f2b29 phase=speed_test event=progress.updated] 测速  126/180 (70%)  有效 15  失败 111  青海卫视
2026-08-14T23:15:34+00:00 INFO    [run=c3e2a818a4eb4aeabbbca9a4d84f2b29 phase=speed_test event=progress.updated] 测速  144/180 (80%)  有效 15  失败 129  四川卫视
2026-08-14T23:15:45+00:00 INFO    [run=c3e2a818a4eb4aeabbbca9a4d84f2b29 phase=speed_test event=progress.updated] 测速  162/180 (90%)  有效 15  失败 147  天津卫视
2026-08-14T23:16:01+00:00 INFO    [run=c3e2a818a4eb4aeabbbca9a4d84f2b29 phase=speed_test event=progress.updated] 测速  180/180 (100%)  有效 15  失败 165  内蒙古卫视
2026-08-14T23:16:01+00:00 INFO    [run=c3e2a818a4eb4aeabbbca9a4d84f2b29 phase=speed_test event=speed_test.artifacts_written] 测速明细已写入 output/log/speed_test.log，有效结果已写入 output/log/result.log
2026-08-14T23:16:01+00:00 INFO    [run=c3e2a818a4eb4aeabbbca9a4d84f2b29 phase=speed_test event=progress.finished] 测速  180/180  有效 15  失败 165
2026-08-14T23:16:01+00:00 INFO    [run=c3e2a818a4eb4aeabbbca9a4d84f2b29 phase=output event=output.written] 结果文件生成完成：更新 3 个文件
2026-08-14T23:16:01+00:00 INFO    [run=c3e2a818a4eb4aeabbbca9a4d84f2b29 phase=statistics event=statistics.finished] 频道统计完成：测试 180，有效 15
2026-08-14T23:16:01+00:00 INFO    [run=c3e2a818a4eb4aeabbbca9a4d84f2b29 phase=complete event=run.summary] 更新摘要
2026-08-14T23:16:01+00:00 INFO    [run=c3e2a818a4eb4aeabbbca9a4d84f2b29 phase=complete event=run.finished] 更新完成！总耗时：02:01
2026-08-15T06:22:00+00:00 INFO    [event=application.started] IPTV-API 版本: 3.0.0 (构建时间: 2026-08-07 11:45:59)
2026-08-15T06:22:00+00:00 INFO    [phase=prepare event=network.ipv6.checking] 🛜 正在检查当前网络是否支持IPv6...
2026-08-15T06:22:00+00:00 WARNING [phase=prepare event=network.ipv6.unsupported] 当前网络不支持IPv6，别担心，IPv6的结果会被保存下来
2026-08-15T06:22:00+00:00 INFO    [run=403edbebc2a744878697c4f83b8d7e66 phase=prepare event=run.started] 性能模式: auto → balance，可用资源: 4.0 CPU / 15.61 GB，并发: 测速 8、媒体探测 2、源抓取 8
2026-08-15T06:22:00+00:00 INFO    [run=403edbebc2a744878697c4f83b8d7e66 phase=prepare event=channels.catalog_loaded] 频道目录已加载：白名单 0，黑名单 4，台标 21
2026-08-15T06:22:00+00:00 INFO    [run=403edbebc2a744878697c4f83b8d7e66 phase=fetch event=sources.subscribe.summary] 订阅源数量：5，订阅白名单数量：0，停用地址数量：0，有效总数量：5
2026-08-15T06:22:00+00:00 INFO    [run=403edbebc2a744878697c4f83b8d7e66 phase=fetch event=progress.started] 正在进行获取订阅源  0/5
2026-08-15T06:22:00+00:00 INFO    [run=403edbebc2a744878697c4f83b8d7e66 phase=fetch event=sources.epg.summary] EPG源数量：1，EPG白名单数量：0，停用地址数量：0，有效总数量：1
2026-08-15T06:22:00+00:00 INFO    [run=403edbebc2a744878697c4f83b8d7e66 phase=fetch event=progress.started] 正在进行获取EPG源  0/1
2026-08-15T06:22:01+00:00 INFO    [run=403edbebc2a744878697c4f83b8d7e66 phase=fetch event=epg.source_parsed] EPG 源解析完成：http://e.erw.cc/e.xml.gz，保留节目 2091 条
2026-08-15T06:22:01+00:00 INFO    [run=403edbebc2a744878697c4f83b8d7e66 phase=fetch event=progress.updated] 正在进行获取EPG源  1/1 (100%)  剩余 0
2026-08-15T06:22:01+00:00 INFO    [run=403edbebc2a744878697c4f83b8d7e66 phase=fetch event=sources.epg.finished] EPG源: ✅ 有效地址数量：1，⛔ 停用地址数量：0
2026-08-15T06:22:01+00:00 INFO    [run=403edbebc2a744878697c4f83b8d7e66 phase=fetch event=progress.finished] 正在进行获取EPG源  1/1  匹配 55 个频道
2026-08-15T06:22:01+00:00 INFO    [run=403edbebc2a744878697c4f83b8d7e66 phase=fetch event=progress.updated] 正在进行获取订阅源  1/5 (20%)  剩余 4
2026-08-15T06:22:01+00:00 INFO    [run=403edbebc2a744878697c4f83b8d7e66 phase=fetch event=progress.updated] 正在进行获取订阅源  2/5 (40%)  剩余 3
2026-08-15T06:22:01+00:00 INFO    [run=403edbebc2a744878697c4f83b8d7e66 phase=fetch event=progress.updated] 正在进行获取订阅源  3/5 (60%)  剩余 2
2026-08-15T06:22:01+00:00 INFO    [run=403edbebc2a744878697c4f83b8d7e66 phase=fetch event=progress.updated] 正在进行获取订阅源  4/5 (80%)  剩余 1
2026-08-15T06:22:01+00:00 INFO    [run=403edbebc2a744878697c4f83b8d7e66 phase=fetch event=progress.updated] 正在进行获取订阅源  5/5 (100%)  剩余 0
2026-08-15T06:22:01+00:00 INFO    [run=403edbebc2a744878697c4f83b8d7e66 phase=fetch event=sources.subscribe.finished] 订阅源: ✅ 有效地址数量：5，⛔ 停用地址数量：0
2026-08-15T06:22:01+00:00 INFO    [run=403edbebc2a744878697c4f83b8d7e66 phase=fetch event=progress.finished] 正在进行获取订阅源  5/5  未匹配 1843
2026-08-15T06:22:06+00:00 INFO    [run=403edbebc2a744878697c4f83b8d7e66 phase=aggregate event=channels.aggregated] 频道数据聚合完成：55 个频道，252 个接口（IPv4 179 / IPv6 73）
2026-08-15T06:22:06+00:00 INFO    [run=403edbebc2a744878697c4f83b8d7e66 phase=speed_test event=speed_test.planned] 总接口数量: 252, 需要进行测速的接口数量: 179
2026-08-15T06:22:06+00:00 INFO    [run=403edbebc2a744878697c4f83b8d7e66 phase=speed_test event=progress.started] 测速  0/179
2026-08-15T06:22:06+00:00 INFO    [run=403edbebc2a744878697c4f83b8d7e66 phase=speed_test event=progress.updated] 测速  1/179 (0%)  有效 0  失败 1  CCTV-1
2026-08-15T06:22:16+00:00 INFO    [run=403edbebc2a744878697c4f83b8d7e66 phase=speed_test event=progress.updated] 测速  18/179 (10%)  有效 6  失败 12  CCTV-4
2026-08-15T06:22:24+00:00 INFO    [run=403edbebc2a744878697c4f83b8d7e66 phase=speed_test event=progress.updated] 测速  36/179 (20%)  有效 9  失败 27  CCTV-10
2026-08-15T06:22:33+00:00 INFO    [run=403edbebc2a744878697c4f83b8d7e66 phase=speed_test event=progress.updated] 测速  54/179 (30%)  有效 13  失败 41  CCTV-10
2026-08-15T06:22:47+00:00 INFO    [run=403edbebc2a744878697c4f83b8d7e66 phase=speed_test event=progress.updated] 测速  72/179 (40%)  有效 15  失败 57  安徽卫视
2026-08-15T06:22:59+00:00 INFO    [run=403edbebc2a744878697c4f83b8d7e66 phase=speed_test event=progress.updated] 测速  90/179 (50%)  有效 15  失败 75  东南卫视
2026-08-15T06:23:10+00:00 INFO    [run=403edbebc2a744878697c4f83b8d7e66 phase=speed_test event=progress.updated] 测速  108/179 (60%)  有效 15  失败 93  湖北卫视
2026-08-15T06:23:22+00:00 INFO    [run=403edbebc2a744878697c4f83b8d7e66 phase=speed_test event=progress.updated] 测速  126/179 (70%)  有效 15  失败 111  山东卫视
2026-08-15T06:23:37+00:00 INFO    [run=403edbebc2a744878697c4f83b8d7e66 phase=speed_test event=progress.updated] 测速  144/179 (80%)  有效 15  失败 129  深圳卫视
2026-08-15T06:23:47+00:00 INFO    [run=403edbebc2a744878697c4f83b8d7e66 phase=speed_test event=progress.updated] 测速  162/179 (90%)  有效 15  失败 147  天津卫视
2026-08-15T06:24:03+00:00 INFO    [run=403edbebc2a744878697c4f83b8d7e66 phase=speed_test event=progress.updated] 测速  179/179 (100%)  有效 15  失败 164  内蒙古卫视
2026-08-15T06:24:03+00:00 INFO    [run=403edbebc2a744878697c4f83b8d7e66 phase=speed_test event=speed_test.artifacts_written] 测速明细已写入 output/log/speed_test.log，有效结果已写入 output/log/result.log
2026-08-15T06:24:03+00:00 INFO    [run=403edbebc2a744878697c4f83b8d7e66 phase=speed_test event=progress.finished] 测速  179/179  有效 15  失败 164
2026-08-15T06:24:03+00:00 INFO    [run=403edbebc2a744878697c4f83b8d7e66 phase=output event=output.written] 结果文件生成完成：更新 3 个文件
2026-08-15T06:24:03+00:00 INFO    [run=403edbebc2a744878697c4f83b8d7e66 phase=statistics event=statistics.finished] 频道统计完成：测试 179，有效 15
2026-08-15T06:24:03+00:00 INFO    [run=403edbebc2a744878697c4f83b8d7e66 phase=complete event=run.summary] 更新摘要
2026-08-15T06:24:03+00:00 INFO    [run=403edbebc2a744878697c4f83b8d7e66 phase=complete event=run.finished] 更新完成！总耗时：02:03
2026-08-15T09:17:35+00:00 INFO    [event=application.started] IPTV-API 版本: 3.0.0 (构建时间: 2026-08-07 11:45:59)
2026-08-15T09:17:35+00:00 INFO    [phase=prepare event=network.ipv6.checking] 🛜 正在检查当前网络是否支持IPv6...
2026-08-15T09:17:36+00:00 WARNING [phase=prepare event=network.ipv6.unsupported] 当前网络不支持IPv6，别担心，IPv6的结果会被保存下来
2026-08-15T09:17:36+00:00 INFO    [run=531a0cfc3b70406681becf416bc3b674 phase=prepare event=run.started] 性能模式: auto → balance，可用资源: 4.0 CPU / 15.61 GB，并发: 测速 8、媒体探测 2、源抓取 8
2026-08-15T09:17:36+00:00 INFO    [run=531a0cfc3b70406681becf416bc3b674 phase=prepare event=channels.catalog_loaded] 频道目录已加载：白名单 0，黑名单 4，台标 21
2026-08-15T09:17:36+00:00 INFO    [run=531a0cfc3b70406681becf416bc3b674 phase=fetch event=sources.subscribe.summary] 订阅源数量：5，订阅白名单数量：0，停用地址数量：0，有效总数量：5
2026-08-15T09:17:36+00:00 INFO    [run=531a0cfc3b70406681becf416bc3b674 phase=fetch event=progress.started] 正在进行获取订阅源  0/5
2026-08-15T09:17:36+00:00 INFO    [run=531a0cfc3b70406681becf416bc3b674 phase=fetch event=sources.epg.summary] EPG源数量：1，EPG白名单数量：0，停用地址数量：0，有效总数量：1
2026-08-15T09:17:36+00:00 INFO    [run=531a0cfc3b70406681becf416bc3b674 phase=fetch event=progress.started] 正在进行获取EPG源  0/1
2026-08-15T09:17:37+00:00 INFO    [run=531a0cfc3b70406681becf416bc3b674 phase=fetch event=progress.updated] 正在进行获取订阅源  1/5 (20%)  剩余 4
2026-08-15T09:17:37+00:00 INFO    [run=531a0cfc3b70406681becf416bc3b674 phase=fetch event=progress.updated] 正在进行获取订阅源  2/5 (40%)  剩余 3
2026-08-15T09:17:37+00:00 INFO    [run=531a0cfc3b70406681becf416bc3b674 phase=fetch event=progress.updated] 正在进行获取订阅源  3/5 (60%)  剩余 2
2026-08-15T09:17:37+00:00 INFO    [run=531a0cfc3b70406681becf416bc3b674 phase=fetch event=progress.updated] 正在进行获取订阅源  4/5 (80%)  剩余 1
2026-08-15T09:17:37+00:00 INFO    [run=531a0cfc3b70406681becf416bc3b674 phase=fetch event=progress.updated] 正在进行获取订阅源  5/5 (100%)  剩余 0
2026-08-15T09:17:37+00:00 INFO    [run=531a0cfc3b70406681becf416bc3b674 phase=fetch event=sources.subscribe.finished] 订阅源: ✅ 有效地址数量：5，⛔ 停用地址数量：0
2026-08-15T09:17:37+00:00 INFO    [run=531a0cfc3b70406681becf416bc3b674 phase=fetch event=progress.finished] 正在进行获取订阅源  5/5  未匹配 1843
2026-08-15T09:17:38+00:00 INFO    [run=531a0cfc3b70406681becf416bc3b674 phase=fetch event=epg.source_parsed] EPG 源解析完成：http://e.erw.cc/e.xml.gz，保留节目 2091 条
2026-08-15T09:17:38+00:00 INFO    [run=531a0cfc3b70406681becf416bc3b674 phase=fetch event=progress.updated] 正在进行获取EPG源  1/1 (100%)  剩余 0
2026-08-15T09:17:38+00:00 INFO    [run=531a0cfc3b70406681becf416bc3b674 phase=fetch event=sources.epg.finished] EPG源: ✅ 有效地址数量：1，⛔ 停用地址数量：0
2026-08-15T09:17:38+00:00 INFO    [run=531a0cfc3b70406681becf416bc3b674 phase=fetch event=progress.finished] 正在进行获取EPG源  1/1  匹配 55 个频道
2026-08-15T09:17:43+00:00 INFO    [run=531a0cfc3b70406681becf416bc3b674 phase=aggregate event=channels.aggregated] 频道数据聚合完成：55 个频道，179 个接口（IPv4 179 / IPv6 0）
2026-08-15T09:17:43+00:00 INFO    [run=531a0cfc3b70406681becf416bc3b674 phase=speed_test event=speed_test.planned] 总接口数量: 179, 需要进行测速的接口数量: 179
2026-08-15T09:17:43+00:00 INFO    [run=531a0cfc3b70406681becf416bc3b674 phase=speed_test event=progress.started] 测速  0/179
2026-08-15T09:17:43+00:00 INFO    [run=531a0cfc3b70406681becf416bc3b674 phase=speed_test event=progress.updated] 测速  1/179 (0%)  有效 0  失败 1  CCTV-1
2026-08-15T09:17:51+00:00 INFO    [run=531a0cfc3b70406681becf416bc3b674 phase=speed_test event=progress.updated] 测速  18/179 (10%)  有效 6  失败 12  CCTV-6
2026-08-15T09:18:01+00:00 INFO    [run=531a0cfc3b70406681becf416bc3b674 phase=speed_test event=progress.updated] 测速  36/179 (20%)  有效 9  失败 27  CCTV-6
2026-08-15T09:18:10+00:00 INFO    [run=531a0cfc3b70406681becf416bc3b674 phase=speed_test event=progress.updated] 测速  54/179 (30%)  有效 14  失败 40  CCTV-15
2026-08-15T09:18:22+00:00 INFO    [run=531a0cfc3b70406681becf416bc3b674 phase=speed_test event=progress.updated] 测速  72/179 (40%)  有效 15  失败 57  CCTV-16
2026-08-15T09:18:35+00:00 INFO    [run=531a0cfc3b70406681becf416bc3b674 phase=speed_test event=progress.updated] 测速  90/179 (50%)  有效 15  失败 75  广东卫视
2026-08-15T09:18:47+00:00 INFO    [run=531a0cfc3b70406681becf416bc3b674 phase=speed_test event=progress.updated] 测速  108/179 (60%)  有效 15  失败 93  湖北卫视
2026-08-15T09:18:58+00:00 INFO    [run=531a0cfc3b70406681becf416bc3b674 phase=speed_test event=progress.updated] 测速  126/179 (70%)  有效 15  失败 111  山东卫视
2026-08-15T09:19:13+00:00 INFO    [run=531a0cfc3b70406681becf416bc3b674 phase=speed_test event=progress.updated] 测速  144/179 (80%)  有效 15  失败 129  深圳卫视
2026-08-15T09:19:23+00:00 INFO    [run=531a0cfc3b70406681becf416bc3b674 phase=speed_test event=progress.updated] 测速  162/179 (90%)  有效 15  失败 147  天津卫视
2026-08-15T09:19:38+00:00 INFO    [run=531a0cfc3b70406681becf416bc3b674 phase=speed_test event=progress.updated] 测速  179/179 (100%)  有效 15  失败 164  内蒙古卫视
2026-08-15T09:19:38+00:00 INFO    [run=531a0cfc3b70406681becf416bc3b674 phase=speed_test event=speed_test.artifacts_written] 测速明细已写入 output/log/speed_test.log，有效结果已写入 output/log/result.log
2026-08-15T09:19:38+00:00 INFO    [run=531a0cfc3b70406681becf416bc3b674 phase=speed_test event=progress.finished] 测速  179/179  有效 15  失败 164
2026-08-15T09:19:38+00:00 INFO    [run=531a0cfc3b70406681becf416bc3b674 phase=output event=output.written] 结果文件生成完成：更新 3 个文件
2026-08-15T09:19:38+00:00 INFO    [run=531a0cfc3b70406681becf416bc3b674 phase=statistics event=statistics.finished] 频道统计完成：测试 179，有效 15
2026-08-15T09:19:38+00:00 INFO    [run=531a0cfc3b70406681becf416bc3b674 phase=complete event=run.summary] 更新摘要
2026-08-15T09:19:38+00:00 INFO    [run=531a0cfc3b70406681becf416bc3b674 phase=complete event=run.finished] 更新完成！总耗时：02:02
2026-08-15T23:12:07+00:00 INFO    [event=application.started] IPTV-API 版本: 3.0.0 (构建时间: 2026-08-07 11:45:59)
2026-08-15T23:12:07+00:00 INFO    [phase=prepare event=network.ipv6.checking] 🛜 正在检查当前网络是否支持IPv6...
2026-08-15T23:12:07+00:00 WARNING [phase=prepare event=network.ipv6.unsupported] 当前网络不支持IPv6，别担心，IPv6的结果会被保存下来
2026-08-15T23:12:07+00:00 INFO    [run=c1acfa0255184c04b3f04f3a34733b02 phase=prepare event=run.started] 性能模式: auto → balance，可用资源: 4.0 CPU / 15.61 GB，并发: 测速 8、媒体探测 2、源抓取 8
2026-08-15T23:12:07+00:00 INFO    [run=c1acfa0255184c04b3f04f3a34733b02 phase=prepare event=channels.catalog_loaded] 频道目录已加载：白名单 0，黑名单 4，台标 21
2026-08-15T23:12:07+00:00 INFO    [run=c1acfa0255184c04b3f04f3a34733b02 phase=fetch event=sources.subscribe.summary] 订阅源数量：5，订阅白名单数量：0，停用地址数量：0，有效总数量：5
2026-08-15T23:12:07+00:00 INFO    [run=c1acfa0255184c04b3f04f3a34733b02 phase=fetch event=progress.started] 正在进行获取订阅源  0/5
2026-08-15T23:12:07+00:00 INFO    [run=c1acfa0255184c04b3f04f3a34733b02 phase=fetch event=sources.epg.summary] EPG源数量：1，EPG白名单数量：0，停用地址数量：0，有效总数量：1
2026-08-15T23:12:07+00:00 INFO    [run=c1acfa0255184c04b3f04f3a34733b02 phase=fetch event=progress.started] 正在进行获取EPG源  0/1
2026-08-15T23:12:08+00:00 INFO    [run=c1acfa0255184c04b3f04f3a34733b02 phase=fetch event=epg.source_parsed] EPG 源解析完成：http://e.erw.cc/e.xml.gz，保留节目 2106 条
2026-08-15T23:12:08+00:00 INFO    [run=c1acfa0255184c04b3f04f3a34733b02 phase=fetch event=progress.updated] 正在进行获取EPG源  1/1 (100%)  剩余 0
2026-08-15T23:12:08+00:00 INFO    [run=c1acfa0255184c04b3f04f3a34733b02 phase=fetch event=sources.epg.finished] EPG源: ✅ 有效地址数量：1，⛔ 停用地址数量：0
2026-08-15T23:12:08+00:00 INFO    [run=c1acfa0255184c04b3f04f3a34733b02 phase=fetch event=progress.finished] 正在进行获取EPG源  1/1  匹配 55 个频道
2026-08-15T23:12:08+00:00 INFO    [run=c1acfa0255184c04b3f04f3a34733b02 phase=fetch event=progress.updated] 正在进行获取订阅源  1/5 (20%)  剩余 4
2026-08-15T23:12:08+00:00 INFO    [run=c1acfa0255184c04b3f04f3a34733b02 phase=fetch event=progress.updated] 正在进行获取订阅源  2/5 (40%)  剩余 3
2026-08-15T23:12:08+00:00 INFO    [run=c1acfa0255184c04b3f04f3a34733b02 phase=fetch event=progress.updated] 正在进行获取订阅源  3/5 (60%)  剩余 2
2026-08-15T23:12:08+00:00 INFO    [run=c1acfa0255184c04b3f04f3a34733b02 phase=fetch event=progress.updated] 正在进行获取订阅源  4/5 (80%)  剩余 1
2026-08-15T23:12:09+00:00 INFO    [run=c1acfa0255184c04b3f04f3a34733b02 phase=fetch event=progress.updated] 正在进行获取订阅源  5/5 (100%)  剩余 0
2026-08-15T23:12:09+00:00 INFO    [run=c1acfa0255184c04b3f04f3a34733b02 phase=fetch event=sources.subscribe.finished] 订阅源: ✅ 有效地址数量：5，⛔ 停用地址数量：0
2026-08-15T23:12:09+00:00 INFO    [run=c1acfa0255184c04b3f04f3a34733b02 phase=fetch event=progress.finished] 正在进行获取订阅源  5/5  未匹配 1843
2026-08-15T23:12:13+00:00 INFO    [run=c1acfa0255184c04b3f04f3a34733b02 phase=aggregate event=channels.aggregated] 频道数据聚合完成：55 个频道，252 个接口（IPv4 179 / IPv6 73）
2026-08-15T23:12:13+00:00 INFO    [run=c1acfa0255184c04b3f04f3a34733b02 phase=speed_test event=speed_test.planned] 总接口数量: 252, 需要进行测速的接口数量: 179
2026-08-15T23:12:13+00:00 INFO    [run=c1acfa0255184c04b3f04f3a34733b02 phase=speed_test event=progress.started] 测速  0/179
2026-08-15T23:12:13+00:00 INFO    [run=c1acfa0255184c04b3f04f3a34733b02 phase=speed_test event=progress.updated] 测速  1/179 (0%)  有效 0  失败 1  CCTV-1
2026-08-15T23:12:22+00:00 INFO    [run=c1acfa0255184c04b3f04f3a34733b02 phase=speed_test event=progress.updated] 测速  18/179 (10%)  有效 6  失败 12  CCTV-6
2026-08-15T23:12:30+00:00 INFO    [run=c1acfa0255184c04b3f04f3a34733b02 phase=speed_test event=progress.updated] 测速  36/179 (20%)  有效 9  失败 27  CCTV-10
2026-08-15T23:12:40+00:00 INFO    [run=c1acfa0255184c04b3f04f3a34733b02 phase=speed_test event=progress.updated] 测速  54/179 (30%)  有效 14  失败 40  CCTV-15
2026-08-15T23:12:52+00:00 INFO    [run=c1acfa0255184c04b3f04f3a34733b02 phase=speed_test event=progress.updated] 测速  72/179 (40%)  有效 15  失败 57  CCTV-16
2026-08-15T23:13:05+00:00 INFO    [run=c1acfa0255184c04b3f04f3a34733b02 phase=speed_test event=progress.updated] 测速  90/179 (50%)  有效 15  失败 75  东南卫视
2026-08-15T23:13:16+00:00 INFO    [run=c1acfa0255184c04b3f04f3a34733b02 phase=speed_test event=progress.updated] 测速  108/179 (60%)  有效 15  失败 93  湖北卫视
2026-08-15T23:13:27+00:00 INFO    [run=c1acfa0255184c04b3f04f3a34733b02 phase=speed_test event=progress.updated] 测速  126/179 (70%)  有效 15  失败 111  江苏卫视
2026-08-15T23:13:39+00:00 INFO    [run=c1acfa0255184c04b3f04f3a34733b02 phase=speed_test event=progress.updated] 测速  144/179 (80%)  有效 15  失败 129  四川卫视
2026-08-15T23:13:49+00:00 INFO    [run=c1acfa0255184c04b3f04f3a34733b02 phase=speed_test event=progress.updated] 测速  162/179 (90%)  有效 15  失败 147  西藏卫视
2026-08-15T23:14:07+00:00 INFO    [run=c1acfa0255184c04b3f04f3a34733b02 phase=speed_test event=progress.updated] 测速  179/179 (100%)  有效 15  失败 164  内蒙古卫视
2026-08-15T23:14:07+00:00 INFO    [run=c1acfa0255184c04b3f04f3a34733b02 phase=speed_test event=speed_test.artifacts_written] 测速明细已写入 output/log/speed_test.log，有效结果已写入 output/log/result.log
2026-08-15T23:14:07+00:00 INFO    [run=c1acfa0255184c04b3f04f3a34733b02 phase=speed_test event=progress.finished] 测速  179/179  有效 15  失败 164
2026-08-15T23:14:07+00:00 INFO    [run=c1acfa0255184c04b3f04f3a34733b02 phase=output event=output.written] 结果文件生成完成：更新 3 个文件
2026-08-15T23:14:07+00:00 INFO    [run=c1acfa0255184c04b3f04f3a34733b02 phase=statistics event=statistics.finished] 频道统计完成：测试 179，有效 15
2026-08-15T23:14:07+00:00 INFO    [run=c1acfa0255184c04b3f04f3a34733b02 phase=complete event=run.summary] 更新摘要
2026-08-15T23:14:07+00:00 INFO    [run=c1acfa0255184c04b3f04f3a34733b02 phase=complete event=run.finished] 更新完成！总耗时：01:59
2026-08-16T06:24:28+00:00 INFO    [event=application.started] IPTV-API 版本: 3.0.0 (构建时间: 2026-08-07 11:45:59)
2026-08-16T06:24:28+00:00 INFO    [phase=prepare event=network.ipv6.checking] 🛜 正在检查当前网络是否支持IPv6...
2026-08-16T06:24:28+00:00 WARNING [phase=prepare event=network.ipv6.unsupported] 当前网络不支持IPv6，别担心，IPv6的结果会被保存下来
2026-08-16T06:24:28+00:00 INFO    [run=beb1a9637c0d433f8d74556378799fdd phase=prepare event=run.started] 性能模式: auto → balance，可用资源: 4.0 CPU / 15.61 GB，并发: 测速 8、媒体探测 2、源抓取 8
2026-08-16T06:24:28+00:00 INFO    [run=beb1a9637c0d433f8d74556378799fdd phase=prepare event=channels.catalog_loaded] 频道目录已加载：白名单 0，黑名单 4，台标 21
2026-08-16T06:24:28+00:00 INFO    [run=beb1a9637c0d433f8d74556378799fdd phase=fetch event=sources.subscribe.summary] 订阅源数量：5，订阅白名单数量：0，停用地址数量：0，有效总数量：5
2026-08-16T06:24:28+00:00 INFO    [run=beb1a9637c0d433f8d74556378799fdd phase=fetch event=progress.started] 正在进行获取订阅源  0/5
2026-08-16T06:24:28+00:00 INFO    [run=beb1a9637c0d433f8d74556378799fdd phase=fetch event=sources.epg.summary] EPG源数量：1，EPG白名单数量：0，停用地址数量：0，有效总数量：1
2026-08-16T06:24:28+00:00 INFO    [run=beb1a9637c0d433f8d74556378799fdd phase=fetch event=progress.started] 正在进行获取EPG源  0/1
2026-08-16T06:24:30+00:00 INFO    [run=beb1a9637c0d433f8d74556378799fdd phase=fetch event=progress.updated] 正在进行获取订阅源  1/5 (20%)  剩余 4
2026-08-16T06:24:30+00:00 INFO    [run=beb1a9637c0d433f8d74556378799fdd phase=fetch event=progress.updated] 正在进行获取订阅源  2/5 (40%)  剩余 3
2026-08-16T06:24:30+00:00 INFO    [run=beb1a9637c0d433f8d74556378799fdd phase=fetch event=progress.updated] 正在进行获取订阅源  3/5 (60%)  剩余 2
2026-08-16T06:24:30+00:00 INFO    [run=beb1a9637c0d433f8d74556378799fdd phase=fetch event=progress.updated] 正在进行获取订阅源  4/5 (80%)  剩余 1
2026-08-16T06:24:30+00:00 INFO    [run=beb1a9637c0d433f8d74556378799fdd phase=fetch event=progress.updated] 正在进行获取订阅源  5/5 (100%)  剩余 0
2026-08-16T06:24:30+00:00 INFO    [run=beb1a9637c0d433f8d74556378799fdd phase=fetch event=epg.source_parsed] EPG 源解析完成：http://e.erw.cc/e.xml.gz，保留节目 2144 条
2026-08-16T06:24:30+00:00 INFO    [run=beb1a9637c0d433f8d74556378799fdd phase=fetch event=progress.updated] 正在进行获取EPG源  1/1 (100%)  剩余 0
2026-08-16T06:24:30+00:00 INFO    [run=beb1a9637c0d433f8d74556378799fdd phase=fetch event=sources.epg.finished] EPG源: ✅ 有效地址数量：1，⛔ 停用地址数量：0
2026-08-16T06:24:30+00:00 INFO    [run=beb1a9637c0d433f8d74556378799fdd phase=fetch event=progress.finished] 正在进行获取EPG源  1/1  匹配 55 个频道
2026-08-16T06:24:30+00:00 INFO    [run=beb1a9637c0d433f8d74556378799fdd phase=fetch event=sources.subscribe.finished] 订阅源: ✅ 有效地址数量：5，⛔ 停用地址数量：0
2026-08-16T06:24:30+00:00 INFO    [run=beb1a9637c0d433f8d74556378799fdd phase=fetch event=progress.finished] 正在进行获取订阅源  5/5  未匹配 1840
2026-08-16T06:24:34+00:00 INFO    [run=beb1a9637c0d433f8d74556378799fdd phase=aggregate event=channels.aggregated] 频道数据聚合完成：55 个频道，179 个接口（IPv4 179 / IPv6 0）
2026-08-16T06:24:34+00:00 INFO    [run=beb1a9637c0d433f8d74556378799fdd phase=speed_test event=speed_test.planned] 总接口数量: 179, 需要进行测速的接口数量: 179
2026-08-16T06:24:34+00:00 INFO    [run=beb1a9637c0d433f8d74556378799fdd phase=speed_test event=progress.started] 测速  0/179
2026-08-16T06:24:35+00:00 INFO    [run=beb1a9637c0d433f8d74556378799fdd phase=speed_test event=progress.updated] 测速  1/179 (0%)  有效 0  失败 1  CCTV-1
2026-08-16T06:24:44+00:00 INFO    [run=beb1a9637c0d433f8d74556378799fdd phase=speed_test event=progress.updated] 测速  18/179 (10%)  有效 7  失败 11  CCTV-6
2026-08-16T06:24:53+00:00 INFO    [run=beb1a9637c0d433f8d74556378799fdd phase=speed_test event=progress.updated] 测速  36/179 (20%)  有效 10  失败 26  CCTV-8
2026-08-16T06:25:01+00:00 INFO    [run=beb1a9637c0d433f8d74556378799fdd phase=speed_test event=progress.updated] 测速  54/179 (30%)  有效 15  失败 39  CCTV-15
2026-08-16T06:25:14+00:00 INFO    [run=beb1a9637c0d433f8d74556378799fdd phase=speed_test event=progress.updated] 测速  72/179 (40%)  有效 16  失败 56  CCTV-16
2026-08-16T06:25:26+00:00 INFO    [run=beb1a9637c0d433f8d74556378799fdd phase=speed_test event=progress.updated] 测速  90/179 (50%)  有效 16  失败 74  广东卫视
2026-08-16T06:25:39+00:00 INFO    [run=beb1a9637c0d433f8d74556378799fdd phase=speed_test event=progress.updated] 测速  108/179 (60%)  有效 16  失败 92  吉林卫视
2026-08-16T06:25:50+00:00 INFO    [run=beb1a9637c0d433f8d74556378799fdd phase=speed_test event=progress.updated] 测速  126/179 (70%)  有效 16  失败 110  山东卫视
2026-08-16T06:26:05+00:00 INFO    [run=beb1a9637c0d433f8d74556378799fdd phase=speed_test event=progress.updated] 测速  144/179 (80%)  有效 16  失败 128  深圳卫视
2026-08-16T06:26:15+00:00 INFO    [run=beb1a9637c0d433f8d74556378799fdd phase=speed_test event=progress.updated] 测速  162/179 (90%)  有效 16  失败 146  天津卫视
2026-08-16T06:26:30+00:00 INFO    [run=beb1a9637c0d433f8d74556378799fdd phase=speed_test event=progress.updated] 测速  179/179 (100%)  有效 18  失败 161  内蒙古卫视
2026-08-16T06:26:30+00:00 INFO    [run=beb1a9637c0d433f8d74556378799fdd phase=speed_test event=speed_test.artifacts_written] 测速明细已写入 output/log/speed_test.log，有效结果已写入 output/log/result.log
2026-08-16T06:26:30+00:00 INFO    [run=beb1a9637c0d433f8d74556378799fdd phase=speed_test event=progress.finished] 测速  179/179  有效 18  失败 161
2026-08-16T06:26:30+00:00 INFO    [run=beb1a9637c0d433f8d74556378799fdd phase=output event=output.written] 结果文件生成完成：更新 3 个文件
2026-08-16T06:26:30+00:00 INFO    [run=beb1a9637c0d433f8d74556378799fdd phase=statistics event=statistics.finished] 频道统计完成：测试 179，有效 18
2026-08-16T06:26:30+00:00 INFO    [run=beb1a9637c0d433f8d74556378799fdd phase=complete event=run.summary] 更新摘要
2026-08-16T06:26:30+00:00 INFO    [run=beb1a9637c0d433f8d74556378799fdd phase=complete event=run.finished] 更新完成！总耗时：02:01
2026-08-16T09:18:37+00:00 INFO    [event=application.started] IPTV-API 版本: 3.0.0 (构建时间: 2026-08-07 11:45:59)
2026-08-16T09:18:37+00:00 INFO    [phase=prepare event=network.ipv6.checking] 🛜 正在检查当前网络是否支持IPv6...
2026-08-16T09:18:38+00:00 WARNING [phase=prepare event=network.ipv6.unsupported] 当前网络不支持IPv6，别担心，IPv6的结果会被保存下来
2026-08-16T09:18:38+00:00 INFO    [run=20d937833522412fb743e516f90d101d phase=prepare event=run.started] 性能模式: auto → balance，可用资源: 4.0 CPU / 15.62 GB，并发: 测速 8、媒体探测 2、源抓取 8
2026-08-16T09:18:38+00:00 INFO    [run=20d937833522412fb743e516f90d101d phase=prepare event=channels.catalog_loaded] 频道目录已加载：白名单 0，黑名单 4，台标 21
2026-08-16T09:18:38+00:00 INFO    [run=20d937833522412fb743e516f90d101d phase=fetch event=sources.subscribe.summary] 订阅源数量：5，订阅白名单数量：0，停用地址数量：0，有效总数量：5
2026-08-16T09:18:38+00:00 INFO    [run=20d937833522412fb743e516f90d101d phase=fetch event=progress.started] 正在进行获取订阅源  0/5
2026-08-16T09:18:38+00:00 INFO    [run=20d937833522412fb743e516f90d101d phase=fetch event=sources.epg.summary] EPG源数量：1，EPG白名单数量：0，停用地址数量：0，有效总数量：1
2026-08-16T09:18:38+00:00 INFO    [run=20d937833522412fb743e516f90d101d phase=fetch event=progress.started] 正在进行获取EPG源  0/1
2026-08-16T09:18:39+00:00 INFO    [run=20d937833522412fb743e516f90d101d phase=fetch event=progress.updated] 正在进行获取订阅源  1/5 (20%)  剩余 4
2026-08-16T09:18:39+00:00 INFO    [run=20d937833522412fb743e516f90d101d phase=fetch event=progress.updated] 正在进行获取订阅源  2/5 (40%)  剩余 3
2026-08-16T09:18:39+00:00 INFO    [run=20d937833522412fb743e516f90d101d phase=fetch event=progress.updated] 正在进行获取订阅源  3/5 (60%)  剩余 2
2026-08-16T09:18:39+00:00 INFO    [run=20d937833522412fb743e516f90d101d phase=fetch event=progress.updated] 正在进行获取订阅源  4/5 (80%)  剩余 1
2026-08-16T09:18:39+00:00 INFO    [run=20d937833522412fb743e516f90d101d phase=fetch event=progress.updated] 正在进行获取订阅源  5/5 (100%)  剩余 0
2026-08-16T09:18:39+00:00 INFO    [run=20d937833522412fb743e516f90d101d phase=fetch event=sources.subscribe.finished] 订阅源: ✅ 有效地址数量：5，⛔ 停用地址数量：0
2026-08-16T09:18:39+00:00 INFO    [run=20d937833522412fb743e516f90d101d phase=fetch event=progress.finished] 正在进行获取订阅源  5/5  未匹配 1840
2026-08-16T09:18:39+00:00 INFO    [run=20d937833522412fb743e516f90d101d phase=fetch event=epg.source_parsed] EPG 源解析完成：http://e.erw.cc/e.xml.gz，保留节目 2144 条
2026-08-16T09:18:39+00:00 INFO    [run=20d937833522412fb743e516f90d101d phase=fetch event=progress.updated] 正在进行获取EPG源  1/1 (100%)  剩余 0
2026-08-16T09:18:39+00:00 INFO    [run=20d937833522412fb743e516f90d101d phase=fetch event=sources.epg.finished] EPG源: ✅ 有效地址数量：1，⛔ 停用地址数量：0
2026-08-16T09:18:39+00:00 INFO    [run=20d937833522412fb743e516f90d101d phase=fetch event=progress.finished] 正在进行获取EPG源  1/1  匹配 55 个频道
2026-08-16T09:18:44+00:00 INFO    [run=20d937833522412fb743e516f90d101d phase=aggregate event=channels.aggregated] 频道数据聚合完成：55 个频道，270 个接口（IPv4 179 / IPv6 91）
2026-08-16T09:18:44+00:00 INFO    [run=20d937833522412fb743e516f90d101d phase=speed_test event=speed_test.planned] 总接口数量: 270, 需要进行测速的接口数量: 179
2026-08-16T09:18:44+00:00 INFO    [run=20d937833522412fb743e516f90d101d phase=speed_test event=progress.started] 测速  0/179
2026-08-16T09:18:44+00:00 INFO    [run=20d937833522412fb743e516f90d101d phase=speed_test event=progress.updated] 测速  1/179 (0%)  有效 0  失败 1  CCTV-1
2026-08-16T09:18:54+00:00 INFO    [run=20d937833522412fb743e516f90d101d phase=speed_test event=progress.updated] 测速  18/179 (10%)  有效 6  失败 12  CCTV-6
2026-08-16T09:19:03+00:00 INFO    [run=20d937833522412fb743e516f90d101d phase=speed_test event=progress.updated] 测速  36/179 (20%)  有效 9  失败 27  CCTV-8
2026-08-16T09:19:11+00:00 INFO    [run=20d937833522412fb743e516f90d101d phase=speed_test event=progress.updated] 测速  54/179 (30%)  有效 14  失败 40  CCTV-15
2026-08-16T09:19:24+00:00 INFO    [run=20d937833522412fb743e516f90d101d phase=speed_test event=progress.updated] 测速  72/179 (40%)  有效 15  失败 57  CCTV-16
2026-08-16T09:19:36+00:00 INFO    [run=20d937833522412fb743e516f90d101d phase=speed_test event=progress.updated] 测速  90/179 (50%)  有效 15  失败 75  东南卫视
2026-08-16T09:19:49+00:00 INFO    [run=20d937833522412fb743e516f90d101d phase=speed_test event=progress.updated] 测速  108/179 (60%)  有效 15  失败 93  湖北卫视
2026-08-16T09:20:00+00:00 INFO    [run=20d937833522412fb743e516f90d101d phase=speed_test event=progress.updated] 测速  126/179 (70%)  有效 15  失败 111  山东卫视
2026-08-16T09:20:15+00:00 INFO    [run=20d937833522412fb743e516f90d101d phase=speed_test event=progress.updated] 测速  144/179 (80%)  有效 15  失败 129  深圳卫视
2026-08-16T09:20:25+00:00 INFO    [run=20d937833522412fb743e516f90d101d phase=speed_test event=progress.updated] 测速  162/179 (90%)  有效 15  失败 147  浙江卫视
2026-08-16T09:20:40+00:00 INFO    [run=20d937833522412fb743e516f90d101d phase=speed_test event=progress.updated] 测速  179/179 (100%)  有效 15  失败 164  内蒙古卫视
2026-08-16T09:20:40+00:00 INFO    [run=20d937833522412fb743e516f90d101d phase=speed_test event=speed_test.artifacts_written] 测速明细已写入 output/log/speed_test.log，有效结果已写入 output/log/result.log
2026-08-16T09:20:40+00:00 INFO    [run=20d937833522412fb743e516f90d101d phase=speed_test event=progress.finished] 测速  179/179  有效 15  失败 164
2026-08-16T09:20:40+00:00 INFO    [run=20d937833522412fb743e516f90d101d phase=output event=output.written] 结果文件生成完成：更新 3 个文件
2026-08-16T09:20:40+00:00 INFO    [run=20d937833522412fb743e516f90d101d phase=statistics event=statistics.finished] 频道统计完成：测试 179，有效 15
2026-08-16T09:20:40+00:00 INFO    [run=20d937833522412fb743e516f90d101d phase=complete event=run.summary] 更新摘要
2026-08-16T09:20:40+00:00 INFO    [run=20d937833522412fb743e516f90d101d phase=complete event=run.finished] 更新完成！总耗时：02:02
2026-08-16T23:11:47+00:00 INFO    [event=application.started] IPTV-API 版本: 3.0.0 (构建时间: 2026-08-07 11:45:59)
2026-08-16T23:11:47+00:00 INFO    [phase=prepare event=network.ipv6.checking] 🛜 正在检查当前网络是否支持IPv6...
2026-08-16T23:11:47+00:00 WARNING [phase=prepare event=network.ipv6.unsupported] 当前网络不支持IPv6，别担心，IPv6的结果会被保存下来
2026-08-16T23:11:47+00:00 INFO    [run=6064bac0946d4de886d18ecf3eeb530a phase=prepare event=run.started] 性能模式: auto → balance，可用资源: 4.0 CPU / 15.61 GB，并发: 测速 8、媒体探测 2、源抓取 8
2026-08-16T23:11:47+00:00 INFO    [run=6064bac0946d4de886d18ecf3eeb530a phase=prepare event=channels.catalog_loaded] 频道目录已加载：白名单 0，黑名单 4，台标 21
2026-08-16T23:11:47+00:00 INFO    [run=6064bac0946d4de886d18ecf3eeb530a phase=fetch event=sources.subscribe.summary] 订阅源数量：5，订阅白名单数量：0，停用地址数量：0，有效总数量：5
2026-08-16T23:11:47+00:00 INFO    [run=6064bac0946d4de886d18ecf3eeb530a phase=fetch event=progress.started] 正在进行获取订阅源  0/5
2026-08-16T23:11:47+00:00 INFO    [run=6064bac0946d4de886d18ecf3eeb530a phase=fetch event=sources.epg.summary] EPG源数量：1，EPG白名单数量：0，停用地址数量：0，有效总数量：1
2026-08-16T23:11:47+00:00 INFO    [run=6064bac0946d4de886d18ecf3eeb530a phase=fetch event=progress.started] 正在进行获取EPG源  0/1
2026-08-16T23:11:49+00:00 INFO    [run=6064bac0946d4de886d18ecf3eeb530a phase=fetch event=progress.updated] 正在进行获取订阅源  1/5 (20%)  剩余 4
2026-08-16T23:11:49+00:00 INFO    [run=6064bac0946d4de886d18ecf3eeb530a phase=fetch event=progress.updated] 正在进行获取订阅源  2/5 (40%)  剩余 3
2026-08-16T23:11:49+00:00 INFO    [run=6064bac0946d4de886d18ecf3eeb530a phase=fetch event=progress.updated] 正在进行获取订阅源  3/5 (60%)  剩余 2
2026-08-16T23:11:49+00:00 INFO    [run=6064bac0946d4de886d18ecf3eeb530a phase=fetch event=progress.updated] 正在进行获取订阅源  4/5 (80%)  剩余 1
2026-08-16T23:11:49+00:00 INFO    [run=6064bac0946d4de886d18ecf3eeb530a phase=fetch event=epg.source_parsed] EPG 源解析完成：http://e.erw.cc/e.xml.gz，保留节目 2179 条
2026-08-16T23:11:49+00:00 INFO    [run=6064bac0946d4de886d18ecf3eeb530a phase=fetch event=progress.updated] 正在进行获取EPG源  1/1 (100%)  剩余 0
2026-08-16T23:11:49+00:00 INFO    [run=6064bac0946d4de886d18ecf3eeb530a phase=fetch event=sources.epg.finished] EPG源: ✅ 有效地址数量：1，⛔ 停用地址数量：0
2026-08-16T23:11:49+00:00 INFO    [run=6064bac0946d4de886d18ecf3eeb530a phase=fetch event=progress.finished] 正在进行获取EPG源  1/1  匹配 55 个频道
2026-08-16T23:11:49+00:00 INFO    [run=6064bac0946d4de886d18ecf3eeb530a phase=fetch event=progress.updated] 正在进行获取订阅源  5/5 (100%)  剩余 0
2026-08-16T23:11:49+00:00 INFO    [run=6064bac0946d4de886d18ecf3eeb530a phase=fetch event=sources.subscribe.finished] 订阅源: ✅ 有效地址数量：5，⛔ 停用地址数量：0
2026-08-16T23:11:49+00:00 INFO    [run=6064bac0946d4de886d18ecf3eeb530a phase=fetch event=progress.finished] 正在进行获取订阅源  5/5  未匹配 1840
2026-08-16T23:11:54+00:00 INFO    [run=6064bac0946d4de886d18ecf3eeb530a phase=aggregate event=channels.aggregated] 频道数据聚合完成：55 个频道，179 个接口（IPv4 179 / IPv6 0）
2026-08-16T23:11:54+00:00 INFO    [run=6064bac0946d4de886d18ecf3eeb530a phase=speed_test event=speed_test.planned] 总接口数量: 179, 需要进行测速的接口数量: 179
2026-08-16T23:11:54+00:00 INFO    [run=6064bac0946d4de886d18ecf3eeb530a phase=speed_test event=progress.started] 测速  0/179
2026-08-16T23:11:54+00:00 INFO    [run=6064bac0946d4de886d18ecf3eeb530a phase=speed_test event=progress.updated] 测速  1/179 (0%)  有效 0  失败 1  CCTV-1
2026-08-16T23:12:01+00:00 INFO    [run=6064bac0946d4de886d18ecf3eeb530a phase=speed_test event=progress.updated] 测速  18/179 (10%)  有效 4  失败 14  CCTV-6
2026-08-16T23:12:11+00:00 INFO    [run=6064bac0946d4de886d18ecf3eeb530a phase=speed_test event=progress.updated] 测速  36/179 (20%)  有效 7  失败 29  CCTV-6
2026-08-16T23:12:20+00:00 INFO    [run=6064bac0946d4de886d18ecf3eeb530a phase=speed_test event=progress.updated] 测速  54/179 (30%)  有效 12  失败 42  CCTV-15
2026-08-16T23:12:32+00:00 INFO    [run=6064bac0946d4de886d18ecf3eeb530a phase=speed_test event=progress.updated] 测速  72/179 (40%)  有效 13  失败 59  CCTV-16
2026-08-16T23:12:44+00:00 INFO    [run=6064bac0946d4de886d18ecf3eeb530a phase=speed_test event=progress.updated] 测速  90/179 (50%)  有效 13  失败 77  东南卫视
2026-08-16T23:12:56+00:00 INFO    [run=6064bac0946d4de886d18ecf3eeb530a phase=speed_test event=progress.updated] 测速  108/179 (60%)  有效 13  失败 95  湖北卫视
2026-08-16T23:13:07+00:00 INFO    [run=6064bac0946d4de886d18ecf3eeb530a phase=speed_test event=progress.updated] 测速  126/179 (70%)  有效 13  失败 113  江苏卫视
2026-08-16T23:13:19+00:00 INFO    [run=6064bac0946d4de886d18ecf3eeb530a phase=speed_test event=progress.updated] 测速  144/179 (80%)  有效 13  失败 131  四川卫视
2026-08-16T23:13:30+00:00 INFO    [run=6064bac0946d4de886d18ecf3eeb530a phase=speed_test event=progress.updated] 测速  162/179 (90%)  有效 13  失败 149  西藏卫视
2026-08-16T23:13:47+00:00 INFO    [run=6064bac0946d4de886d18ecf3eeb530a phase=speed_test event=progress.updated] 测速  179/179 (100%)  有效 13  失败 166  内蒙古卫视
2026-08-16T23:13:47+00:00 INFO    [run=6064bac0946d4de886d18ecf3eeb530a phase=speed_test event=speed_test.artifacts_written] 测速明细已写入 output/log/speed_test.log，有效结果已写入 output/log/result.log
2026-08-16T23:13:47+00:00 INFO    [run=6064bac0946d4de886d18ecf3eeb530a phase=speed_test event=progress.finished] 测速  179/179  有效 13  失败 166
2026-08-16T23:13:47+00:00 INFO    [run=6064bac0946d4de886d18ecf3eeb530a phase=output event=output.written] 结果文件生成完成：更新 3 个文件
2026-08-16T23:13:47+00:00 INFO    [run=6064bac0946d4de886d18ecf3eeb530a phase=statistics event=statistics.finished] 频道统计完成：测试 179，有效 13
2026-08-16T23:13:47+00:00 INFO    [run=6064bac0946d4de886d18ecf3eeb530a phase=complete event=run.summary] 更新摘要
2026-08-16T23:13:47+00:00 INFO    [run=6064bac0946d4de886d18ecf3eeb530a phase=complete event=run.finished] 更新完成！总耗时：01:59
2026-08-17T06:35:09+00:00 INFO    [event=application.started] IPTV-API 版本: 3.0.0 (构建时间: 2026-08-07 11:45:59)
2026-08-17T06:35:09+00:00 INFO    [phase=prepare event=network.ipv6.checking] 🛜 正在检查当前网络是否支持IPv6...
2026-08-17T06:35:09+00:00 WARNING [phase=prepare event=network.ipv6.unsupported] 当前网络不支持IPv6，别担心，IPv6的结果会被保存下来
2026-08-17T06:35:09+00:00 INFO    [run=78dc1c7ac1e541cea9b77c80541d2428 phase=prepare event=run.started] 性能模式: auto → balance，可用资源: 4.0 CPU / 15.61 GB，并发: 测速 8、媒体探测 2、源抓取 8
2026-08-17T06:35:09+00:00 INFO    [run=78dc1c7ac1e541cea9b77c80541d2428 phase=prepare event=channels.catalog_loaded] 频道目录已加载：白名单 0，黑名单 4，台标 21
2026-08-17T06:35:09+00:00 INFO    [run=78dc1c7ac1e541cea9b77c80541d2428 phase=fetch event=sources.subscribe.summary] 订阅源数量：5，订阅白名单数量：0，停用地址数量：0，有效总数量：5
2026-08-17T06:35:09+00:00 INFO    [run=78dc1c7ac1e541cea9b77c80541d2428 phase=fetch event=progress.started] 正在进行获取订阅源  0/5
2026-08-17T06:35:09+00:00 INFO    [run=78dc1c7ac1e541cea9b77c80541d2428 phase=fetch event=sources.epg.summary] EPG源数量：1，EPG白名单数量：0，停用地址数量：0，有效总数量：1
2026-08-17T06:35:09+00:00 INFO    [run=78dc1c7ac1e541cea9b77c80541d2428 phase=fetch event=progress.started] 正在进行获取EPG源  0/1
2026-08-17T06:35:11+00:00 INFO    [run=78dc1c7ac1e541cea9b77c80541d2428 phase=fetch event=progress.updated] 正在进行获取订阅源  1/5 (20%)  剩余 4
2026-08-17T06:35:11+00:00 INFO    [run=78dc1c7ac1e541cea9b77c80541d2428 phase=fetch event=progress.updated] 正在进行获取订阅源  2/5 (40%)  剩余 3
2026-08-17T06:35:11+00:00 INFO    [run=78dc1c7ac1e541cea9b77c80541d2428 phase=fetch event=progress.updated] 正在进行获取订阅源  3/5 (60%)  剩余 2
2026-08-17T06:35:11+00:00 INFO    [run=78dc1c7ac1e541cea9b77c80541d2428 phase=fetch event=progress.updated] 正在进行获取订阅源  4/5 (80%)  剩余 1
2026-08-17T06:35:11+00:00 INFO    [run=78dc1c7ac1e541cea9b77c80541d2428 phase=fetch event=epg.source_parsed] EPG 源解析完成：http://e.erw.cc/e.xml.gz，保留节目 2196 条
2026-08-17T06:35:11+00:00 INFO    [run=78dc1c7ac1e541cea9b77c80541d2428 phase=fetch event=progress.updated] 正在进行获取EPG源  1/1 (100%)  剩余 0
2026-08-17T06:35:11+00:00 INFO    [run=78dc1c7ac1e541cea9b77c80541d2428 phase=fetch event=sources.epg.finished] EPG源: ✅ 有效地址数量：1，⛔ 停用地址数量：0
2026-08-17T06:35:11+00:00 INFO    [run=78dc1c7ac1e541cea9b77c80541d2428 phase=fetch event=progress.finished] 正在进行获取EPG源  1/1  匹配 55 个频道
2026-08-17T06:35:11+00:00 INFO    [run=78dc1c7ac1e541cea9b77c80541d2428 phase=fetch event=progress.updated] 正在进行获取订阅源  5/5 (100%)  剩余 0
2026-08-17T06:35:11+00:00 INFO    [run=78dc1c7ac1e541cea9b77c80541d2428 phase=fetch event=sources.subscribe.finished] 订阅源: ✅ 有效地址数量：5，⛔ 停用地址数量：0
2026-08-17T06:35:11+00:00 INFO    [run=78dc1c7ac1e541cea9b77c80541d2428 phase=fetch event=progress.finished] 正在进行获取订阅源  5/5  未匹配 1837
2026-08-17T06:35:15+00:00 INFO    [run=78dc1c7ac1e541cea9b77c80541d2428 phase=aggregate event=channels.aggregated] 频道数据聚合完成：55 个频道，246 个接口（IPv4 179 / IPv6 67）
2026-08-17T06:35:15+00:00 INFO    [run=78dc1c7ac1e541cea9b77c80541d2428 phase=speed_test event=speed_test.planned] 总接口数量: 246, 需要进行测速的接口数量: 179
2026-08-17T06:35:15+00:00 INFO    [run=78dc1c7ac1e541cea9b77c80541d2428 phase=speed_test event=progress.started] 测速  0/179
2026-08-17T06:35:15+00:00 INFO    [run=78dc1c7ac1e541cea9b77c80541d2428 phase=speed_test event=progress.updated] 测速  1/179 (0%)  有效 0  失败 1  CCTV-1
2026-08-17T06:35:25+00:00 INFO    [run=78dc1c7ac1e541cea9b77c80541d2428 phase=speed_test event=progress.updated] 测速  18/179 (10%)  有效 5  失败 13  CCTV-1
2026-08-17T06:35:33+00:00 INFO    [run=78dc1c7ac1e541cea9b77c80541d2428 phase=speed_test event=progress.updated] 测速  36/179 (20%)  有效 9  失败 27  CCTV-10
2026-08-17T06:35:42+00:00 INFO    [run=78dc1c7ac1e541cea9b77c80541d2428 phase=speed_test event=progress.updated] 测速  54/179 (30%)  有效 13  失败 41  CCTV-10
2026-08-17T06:35:55+00:00 INFO    [run=78dc1c7ac1e541cea9b77c80541d2428 phase=speed_test event=progress.updated] 测速  72/179 (40%)  有效 15  失败 57  CCTV-16
2026-08-17T06:36:08+00:00 INFO    [run=78dc1c7ac1e541cea9b77c80541d2428 phase=speed_test event=progress.updated] 测速  90/179 (50%)  有效 15  失败 75  广东卫视
2026-08-17T06:36:19+00:00 INFO    [run=78dc1c7ac1e541cea9b77c80541d2428 phase=speed_test event=progress.updated] 测速  108/179 (60%)  有效 15  失败 93  河北卫视
2026-08-17T06:36:31+00:00 INFO    [run=78dc1c7ac1e541cea9b77c80541d2428 phase=speed_test event=progress.updated] 测速  126/179 (70%)  有效 15  失败 111  三沙卫视
2026-08-17T06:36:46+00:00 INFO    [run=78dc1c7ac1e541cea9b77c80541d2428 phase=speed_test event=progress.updated] 测速  144/179 (80%)  有效 15  失败 129  深圳卫视
2026-08-17T06:36:56+00:00 INFO    [run=78dc1c7ac1e541cea9b77c80541d2428 phase=speed_test event=progress.updated] 测速  162/179 (90%)  有效 15  失败 147  天津卫视
2026-08-17T06:37:11+00:00 INFO    [run=78dc1c7ac1e541cea9b77c80541d2428 phase=speed_test event=progress.updated] 测速  179/179 (100%)  有效 17  失败 162  内蒙古卫视
2026-08-17T06:37:11+00:00 INFO    [run=78dc1c7ac1e541cea9b77c80541d2428 phase=speed_test event=speed_test.artifacts_written] 测速明细已写入 output/log/speed_test.log，有效结果已写入 output/log/result.log
2026-08-17T06:37:11+00:00 INFO    [run=78dc1c7ac1e541cea9b77c80541d2428 phase=speed_test event=progress.finished] 测速  179/179  有效 17  失败 162
2026-08-17T06:37:11+00:00 INFO    [run=78dc1c7ac1e541cea9b77c80541d2428 phase=output event=output.written] 结果文件生成完成：更新 3 个文件
2026-08-17T06:37:11+00:00 INFO    [run=78dc1c7ac1e541cea9b77c80541d2428 phase=statistics event=statistics.finished] 频道统计完成：测试 179，有效 17
2026-08-17T06:37:11+00:00 INFO    [run=78dc1c7ac1e541cea9b77c80541d2428 phase=complete event=run.summary] 更新摘要
2026-08-17T06:37:11+00:00 INFO    [run=78dc1c7ac1e541cea9b77c80541d2428 phase=complete event=run.finished] 更新完成！总耗时：02:01
